%!Adobe-FontList 1.16
%Locale:0x409

%BeginFont
Handler:DirectoryHandler
FontType:Invalid
OutlineFileName:\.DS_Store
FileLength:6148
FileModTime:1493481268
%EndFont

%BeginFont
Handler:DirectoryHandler
FontType:Type1
FontName:GrotesqueMT-Light
FamilyName:Grotesque MT
StyleName:Light
MenuName:Grotesque MT Lt
StyleBits:0
WeightClass:300
WidthClass:5
AngleClass:0
FullName:Grotesque MT Light
WritingScript:Roman
OutlineFileName:\GroteMTLig
DataFormat:POSTResource
UsesStandardEncoding:yes
isCFF:no
FileLength:27609
FileModTime:899833550
DesignSize:-1
%EndFont

%BeginFont
Handler:DirectoryHandler
FontType:Suitcase
FontName:GrotesqueMT-Light
OutlineFileName:\GrotesqueMT
ResourceID:13926
MacStyle:0
FileLength:280120
FileModTime:1176662630
%EndFont

%BeginFont
Handler:DirectoryHandler
FontType:Suitcase
FontName:GrotesqueMT-LightItalic
OutlineFileName:\GrotesqueMT
ResourceID:13926
MacStyle:2
FileLength:280120
FileModTime:1176662630
%EndFont

%BeginFont
Handler:DirectoryHandler
FontType:Suitcase
FontName:GrotesqueMT-LightItalic
OutlineFileName:\GrotesqueMT
ResourceID:13927
MacStyle:0
FileLength:280120
FileModTime:1176662630
%EndFont

%BeginFont
Handler:DirectoryHandler
FontType:Suitcase
FontName:GrotesqueMT
OutlineFileName:\GrotesqueMT
ResourceID:13922
MacStyle:0
FileLength:280120
FileModTime:1176662630
%EndFont

%BeginFont
Handler:DirectoryHandler
FontType:Suitcase
FontName:GrotesqueMT-Bold
OutlineFileName:\GrotesqueMT
ResourceID:13922
MacStyle:1
FileLength:280120
FileModTime:1176662630
%EndFont

%BeginFont
Handler:DirectoryHandler
FontType:Suitcase
FontName:GrotesqueMT-Italic
OutlineFileName:\GrotesqueMT
ResourceID:13922
MacStyle:2
FileLength:280120
FileModTime:1176662630
%EndFont

%BeginFont
Handler:DirectoryHandler
FontType:Suitcase
FontName:GrotesqueMT-Bold
OutlineFileName:\GrotesqueMT
ResourceID:13924
MacStyle:0
FileLength:280120
FileModTime:1176662630
%EndFont

%BeginFont
Handler:DirectoryHandler
FontType:Suitcase
FontName:GrotesqueMT-Italic
OutlineFileName:\GrotesqueMT
ResourceID:13923
MacStyle:0
FileLength:280120
FileModTime:1176662630
%EndFont

%BeginFont
Handler:DirectoryHandler
FontType:Suitcase
FontName:GrotesqueMT-Black
OutlineFileName:\GrotesqueMT
ResourceID:13925
MacStyle:0
FileLength:280120
FileModTime:1176662630
%EndFont

%BeginFont
Handler:DirectoryHandler
FontType:Suitcase
FontName:GrotesqueMT-Condensed
OutlineFileName:\GrotesqueMT
ResourceID:7602
MacStyle:0
FileLength:280120
FileModTime:1176662630
%EndFont

%BeginFont
Handler:DirectoryHandler
FontType:Suitcase
FontName:GrotesqueMT-LightCondensed
OutlineFileName:\GrotesqueMT
ResourceID:7603
MacStyle:0
FileLength:280120
FileModTime:1176662630
%EndFont

%BeginFont
Handler:DirectoryHandler
FontType:Suitcase
FontName:GrotesqueMT-ExtraCondensed
OutlineFileName:\GrotesqueMT
ResourceID:7604
MacStyle:0
FileLength:280120
FileModTime:1176662630
%EndFont

%BeginFont
Handler:DirectoryHandler
FontType:Suitcase
FontName:GrotesqueMT-BoldExtended
OutlineFileName:\GrotesqueMT
ResourceID:7605
MacStyle:0
FileLength:280120
FileModTime:1176662630
%EndFont

%BeginFont
Handler:DirectoryHandler
FontType:Suitcase
FontName:GrotesqueMT-ExtraCondensed
OutlineFileName:\GrotesqueMT
ResourceID:15310
MacStyle:0
FileLength:280120
FileModTime:1176662630
%EndFont

%BeginFont
Handler:DirectoryHandler
FontType:Suitcase
FontName:GrotesqueMT-BoldExtended
OutlineFileName:\GrotesqueMT
ResourceID:18852
MacStyle:0
FileLength:280120
FileModTime:1176662630
%EndFont

